// Jest Snapshot v1, https://goo.gl/fbAQLP

exports[`Pokemon Detail should render successfully 1`] = `
<View
  showsVerticalScrollIndicator={null}
  style={
    Array [
      Object {
        "backgroundColor": "#FFFFFF",
        "flex": 1,
        "height": 1334,
        "justifyContent": "center",
        "width": 750,
      },
      Object {
        "backgroundColor": "#A8A878",
      },
    ]
  }
>
  <View
    style={
      Object {
        "backgroundColor": "#FFFFFF",
        "borderRadius": 4,
        "margin": 24,
        "paddingVertical": 12,
      }
    }
  >
    <View
      accessible={true}
      focusable={true}
      onClick={[Function]}
      onResponderGrant={[Function]}
      onResponderMove={[Function]}
      onResponderRelease={[Function]}
      onResponderTerminate={[Function]}
      onResponderTerminationRequest={[Function]}
      onStartShouldSetResponder={[Function]}
      style={
        Array [
          false,
          undefined,
        ]
      }
    >
      <View
        style={
          Object {
            "alignItems": "center",
            "backgroundColor": "#FFFFFF",
            "borderRadius": 4,
            "flexDirection": "row",
            "margin": 4,
          }
        }
      >
        <View
          style={
            Object {
              "alignContent": "center",
              "flex": 1,
              "paddingLeft": 20,
              "width": "60%",
            }
          }
        >
          <Text
            style={
              Array [
                Object {
                  "color": "#000000",
                  "fontFamily": "System",
                  "fontWeight": "400",
                  "textAlign": "left",
                },
                Array [
                  Object {
                    "fontSize": 32,
                    "fontWeight": "bold",
                  },
                  Object {
                    "color": "#A8A878",
                  },
                ],
              ]
            }
          >
            Ditto
          </Text>
          <View
            style={
              Object {
                "flexDirection": "row",
                "paddingVertical": 8,
              }
            }
          >
            <Image
              source={
                Object {
                  "testUri": "../../../src/assets/images/poke-elements/normal.png",
                }
              }
              style={
                Object {
                  "height": 24,
                  "width": 24,
                }
              }
            />
            <Text
              style={
                Array [
                  Object {
                    "color": "#000000",
                    "fontFamily": "System",
                    "fontWeight": "400",
                    "textAlign": "left",
                  },
                  Array [
                    Object {
                      "color": "rgba(0, 0, 0, 0.54)",
                      "fontFamily": "System",
                      "fontWeight": "400",
                      "textAlign": "left",
                      "writingDirection": "ltr",
                    },
                    Array [
                      Object {
                        "fontSize": 12,
                        "letterSpacing": 0.4,
                        "lineHeight": 20,
                        "marginVertical": 2,
                      },
                      Object {
                        "fontSize": 15,
                        "marginLeft": 8,
                      },
                    ],
                    Array [
                      Object {
                        "fontSize": 12,
                        "letterSpacing": 0.4,
                        "lineHeight": 20,
                        "marginVertical": 2,
                      },
                      Object {
                        "fontSize": 15,
                        "marginLeft": 8,
                      },
                    ],
                  ],
                ]
              }
            >
              normal
            </Text>
          </View>
        </View>
        <View
          style={
            Object {
              "height": "100%",
              "padding": 8,
              "width": "40%",
            }
          }
        >
          <Image
            onL={true}
            source={
              Object {
                "uri": "https://img.pokemondb.net/artwork/ditto.jpg",
              }
            }
            style={
              Object {
                "flex": 1,
                "height": 100,
                "resizeMode": "contain",
                "width": "100%",
              }
            }
          />
        </View>
      </View>
    </View>
    <View
      style={
        Object {
          "flexDirection": "row",
          "justifyContent": "space-around",
          "paddingVertical": 12,
        }
      }
    >
      <View>
        <Text
          style={
            Object {
              "color": "#A8A878",
            }
          }
        >
          Height
        </Text>
        <Text
          style={
            Object {
              "fontSize": 15,
              "fontWeight": "bold",
            }
          }
        >
          3"
        </Text>
      </View>
      <View>
        <Text
          style={
            Object {
              "color": "#A8A878",
            }
          }
        >
          Weight
        </Text>
        <Text
          style={
            Object {
              "fontSize": 15,
              "fontWeight": "bold",
            }
          }
        >
          40lbs
        </Text>
      </View>
      <View>
        <Text
          style={
            Object {
              "color": "#A8A878",
            }
          }
        >
          Ability
        </Text>
        <Text
          style={
            Object {
              "fontSize": 15,
              "fontWeight": "bold",
            }
          }
        >
          Imposter
        </Text>
      </View>
    </View>
    <View
      style={
        Object {
          "paddingHorizontal": 20,
        }
      }
    >
      <View
        style={
          Object {
            "paddingVertical": 12,
          }
        }
      >
        <Text
          style={
            Object {
              "fontSize": 13,
              "fontWeight": "700",
            }
          }
        >
          Speed
        </Text>
        <View
          style={
            Array [
              Object {
                "height": 7,
                "marginTop": 4,
              },
              Object {
                "backgroundColor": "#A8A878",
                "width": 135.8490566037736,
              },
            ]
          }
        />
      </View>
      <View
        style={
          Object {
            "paddingVertical": 12,
          }
        }
      >
        <Text
          style={
            Object {
              "fontSize": 13,
              "fontWeight": "700",
            }
          }
        >
          Special-defense
        </Text>
        <View
          style={
            Array [
              Object {
                "height": 7,
                "marginTop": 4,
              },
              Object {
                "backgroundColor": "#A8A878",
                "width": 135.8490566037736,
              },
            ]
          }
        />
      </View>
      <View
        style={
          Object {
            "paddingVertical": 12,
          }
        }
      >
        <Text
          style={
            Object {
              "fontSize": 13,
              "fontWeight": "700",
            }
          }
        >
          Special-attack
        </Text>
        <View
          style={
            Array [
              Object {
                "height": 7,
                "marginTop": 4,
              },
              Object {
                "backgroundColor": "#A8A878",
                "width": 135.8490566037736,
              },
            ]
          }
        />
      </View>
      <View
        style={
          Object {
            "paddingVertical": 12,
          }
        }
      >
        <Text
          style={
            Object {
              "fontSize": 13,
              "fontWeight": "700",
            }
          }
        >
          Defense
        </Text>
        <View
          style={
            Array [
              Object {
                "height": 7,
                "marginTop": 4,
              },
              Object {
                "backgroundColor": "#A8A878",
                "width": 135.8490566037736,
              },
            ]
          }
        />
      </View>
      <View
        style={
          Object {
            "paddingVertical": 12,
          }
        }
      >
        <Text
          style={
            Object {
              "fontSize": 13,
              "fontWeight": "700",
            }
          }
        >
          Attack
        </Text>
        <View
          style={
            Array [
              Object {
                "height": 7,
                "marginTop": 4,
              },
              Object {
                "backgroundColor": "#A8A878",
                "width": 135.8490566037736,
              },
            ]
          }
        />
      </View>
      <View
        style={
          Object {
            "paddingVertical": 12,
          }
        }
      >
        <Text
          style={
            Object {
              "fontSize": 13,
              "fontWeight": "700",
            }
          }
        >
          Hp
        </Text>
        <View
          style={
            Array [
              Object {
                "height": 7,
                "marginTop": 4,
              },
              Object {
                "backgroundColor": "#A8A878",
                "width": 135.8490566037736,
              },
            ]
          }
        />
      </View>
    </View>
  </View>
</View>
`;
